// Jest Snapshot v1, https://goo.gl/fbAQLP

exports[`Hamburger Component matches the snapshot 1`] = `
<DocumentFragment>
  .c19 {
  display: -webkit-box;
  display: -webkit-flex;
  display: -ms-flexbox;
  display: flex;
  -webkit-flex-direction: row;
  -ms-flex-direction: row;
  flex-direction: row;
  -webkit-box-pack: center;
  -webkit-justify-content: center;
  -ms-flex-pack: center;
  justify-content: center;
  -webkit-align-items: center;
  -webkit-box-align: center;
  -ms-flex-align: center;
  align-items: center;
  position: relative;
  margin: 0px 40px;
  cursor: pointer;
}

.c20 {
  width: 20px;
  height: 20px;
  position: absolute;
}

.c21 {
  width: 20px;
  height: 20px;
}

.c0 {
  display: -webkit-box;
  display: -webkit-flex;
  display: -ms-flexbox;
  display: flex;
  -webkit-flex-direction: column;
  -ms-flex-direction: column;
  flex-direction: column;
  -webkit-box-pack: center;
  -webkit-justify-content: center;
  -ms-flex-pack: center;
  justify-content: center;
  -webkit-align-items: center;
  -webkit-box-align: center;
  -ms-flex-align: center;
  align-items: center;
  width: 20px;
  height: 20px;
  display: none;
}

.c4 {
  position: absolute;
  top: 0px;
  right: 0px;
  bottom: 0px;
  left: 0px;
  z-index: 1;
  background-color: #6BA6FF;
}

.c5 {
  position: absolute;
  top: 0px;
  right: 0px;
  bottom: 0px;
  left: 0px;
  z-index: 2;
  width: 100%;
  height: 100%;
}

.c6 {
  width: 100%;
  height: 100%;
}

.c18 {
  position: absolute;
  top: auto;
  right: 0px;
  bottom: 30px;
  left: auto;
  z-index: 3;
}

.c1 {
  width: 100%;
  height: 100%;
  position: relative;
  z-index: 3;
  cursor: pointer;
}

.c2 {
  width: 100%;
  height: 4px;
  position: absolute;
  background-color: #6BA6FF;
  border-radius: 10rem;
}

.c3 {
  width: 100%;
  height: 4px;
  position: absolute;
  background-color: #6BA6FF;
  border-radius: 10rem;
  top: 50%;
  -webkit-transform: translateY(-50%);
  -ms-transform: translateY(-50%);
  transform: translateY(-50%);
}

.c7 {
  display: grid;
  grid-template-columns: repeat(1,auto);
  grid-gap: 40px;
  justify-items: auto;
  -webkit-align-items: auto;
  -webkit-box-align: auto;
  -ms-flex-align: auto;
  align-items: auto;
  position: absolute;
  right: 0;
  margin-top: 90px;
  padding-right: 30px;
}

.c11 {
  display: none;
}

.c12 {
  width: 20px;
  height: 20px;
  margin-right: 20px;
}

.c13 {
  display: block;
  cursor: pointer;
}

.c8 {
  display: -webkit-box;
  display: -webkit-flex;
  display: -ms-flexbox;
  display: flex;
}

.c9 {
  width: 20px;
  height: 20px;
  margin-right: 20px;
}

.c10 {
  display: inherit;
  color: inherit;
  -webkit-text-decoration: none;
  text-decoration: none;
  outline: none;
  color: inherit;
  font-size: 0.875rem;
}

.c17 {
  display: inherit;
  color: inherit;
  -webkit-text-decoration: none;
  text-decoration: none;
  outline: none;
  color: #6BA6FF;
  font-size: 0.875rem;
}

.c14 {
  display: none;
}

.c15 {
  width: 20px;
  height: 20px;
  margin-right: 20px;
}

.c16 {
  display: block;
  cursor: pointer;
}

@media (max-width:575px) {
  .c0 {
    display: -webkit-box;
    display: -webkit-flex;
    display: -ms-flexbox;
    display: flex;
  }
}

<div
    class="c0"
  >
    <div
      class="c1"
      data-testid="hamburger component lines"
    >
      <div
        class="c2"
        style="top: 0%; transform: translateY(0%); opacity: 1;"
      />
      <div
        class="c3"
        style="transform: translateY(-50%) rotate(0deg);"
      />
      <div
        class="c3"
        style="transform: translateY(-50%) rotate(0deg);"
      />
      <div
        class="c2"
        style="bottom: 0%; transform: translateY(0%); opacity: 1;"
      />
    </div>
    <div
      class="c4"
      style="transform: translateX(100%);"
    >
      <div
        class="c5"
        style="transform: translateX(100%);"
      >
        <div
          class="c6"
          style="background-color: rgb(255, 255, 255);"
        >
          <div
            class="c7"
          >
            <div
              class="c8"
              data-testid="hamburger component home link"
              display="true"
            >
              <img
                alt="hamburger modal home icon"
                class="c9"
                src="[object Object]"
              />
              <a
                class="c10"
                href="/"
                primary="false"
              >
                Home
              </a>
            </div>
            <div
              class="c11"
              data-testid="hamburger component search button"
              display="false"
            >
              <img
                alt="hamburger modal search icon"
                class="c12"
                src="[object Object]"
              />
              <span
                class="c13"
              >
                Search
              </span>
            </div>
            <div
              class="c8"
              data-testid="hamburger component sign in link"
              display="true"
            >
              <img
                alt="hamburger modal sign in icon"
                class="c9"
                src="[object Object]"
              />
              <a
                class="c10"
                href="/sign-in"
                primary="false"
              >
                Sign In
              </a>
            </div>
            <div
              class="c14"
              data-testid="hamburger component sign out button"
              display="false"
            >
              <img
                alt="hamburger modal sign out icon"
                class="c15"
                src="[object Object]"
              />
              <span
                class="c16"
              >
                Sign Out
              </span>
            </div>
            <div
              class="c8"
              data-testid="hamburger component registration link"
              display="true"
            >
              <img
                alt="hamburger modal registration icon"
                class="c9"
                src="[object Object]"
              />
              <a
                class="c17"
                href="/registration"
                primary="true"
              >
                Register
              </a>
            </div>
            <div
              class="c11"
              data-testid="hamburger component settings button"
              display="false"
            >
              <img
                alt="hamburger modal settings icon"
                class="c12"
                src="[object Object]"
              />
              <span
                class="c13"
              >
                Settings
              </span>
            </div>
          </div>
        </div>
      </div>
      <div
        class="c18"
      >
        <div
          class="c19"
          data-testid="theme button component"
        >
          <img
            alt="navbar component light theme button"
            class="c20"
            src="[object Object]"
            style="opacity: 0;"
          />
          <img
            alt="navbar component dark theme button"
            class="c21"
            src="[object Object]"
          />
        </div>
      </div>
    </div>
  </div>
</DocumentFragment>
`;
