// Jest Snapshot v1, https://goo.gl/fbAQLP

exports[`Welcome Component matches the snapshot 1`] = `
<DocumentFragment>
  <div
    class=""
    data-testid="hello"
  >
    Gastby + TypeScript Starter
  </div>
</DocumentFragment>
`;
