// Jest Snapshot v1, https://goo.gl/fbAQLP

exports[`ThemeButton Component matches the snapshot 1`] = `
<DocumentFragment>
  .c0 {
  display: -webkit-box;
  display: -webkit-flex;
  display: -ms-flexbox;
  display: flex;
  -webkit-flex-direction: row;
  -ms-flex-direction: row;
  flex-direction: row;
  -webkit-box-pack: center;
  -webkit-justify-content: center;
  -ms-flex-pack: center;
  justify-content: center;
  -webkit-align-items: center;
  -webkit-box-align: center;
  -ms-flex-align: center;
  align-items: center;
  position: relative;
  margin: 0px 40px;
  cursor: pointer;
}

.c1 {
  width: 20px;
  height: 20px;
  position: absolute;
}

.c2 {
  width: 20px;
  height: 20px;
}

<div
    class="c0"
    data-testid="theme button component"
  >
    <img
      alt="navbar component light theme button"
      class="c1"
      src="[object Object]"
      style="opacity: 0;"
    />
    <img
      alt="navbar component dark theme button"
      class="c2"
      src="[object Object]"
    />
  </div>
</DocumentFragment>
`;
