// Jest Snapshot v1, https://goo.gl/fbAQLP

exports[`NavbarModalPartial Component matches the snapshot 1`] = `
<DocumentFragment>
  .c0 {
  position: absolute;
  top: 80px;
  right: 0px;
  bottom: auto;
  left: auto;
  z-index: 1;
  border-radius: 0.3125rem;
  overflow: hidden;
}

.c1 {
  display: -webkit-box;
  display: -webkit-flex;
  display: -ms-flexbox;
  display: flex;
  -webkit-flex-direction: row;
  -ms-flex-direction: row;
  flex-direction: row;
  -webkit-box-pack: justify;
  -webkit-justify-content: space-between;
  -ms-flex-pack: justify;
  justify-content: space-between;
  -webkit-align-items: center;
  -webkit-box-align: center;
  -ms-flex-align: center;
  align-items: center;
  height: 70px;
  padding: 0px 30px;
}

.c2 {
  display: block;
  font-size: 1rem;
  font-weight: bold;
}

.c3 {
  width: 20px;
  height: 20px;
  cursor: pointer;
}

.c4 {
  padding: 30px;
}

<div
    class="c0"
    style="background-color: rgb(249, 249, 249); border: 1px solid rgba(219, 217, 224, 1); box-shadow: 0px 3px 8px 0px rgba(189, 190, 198, 0.5019607843137255);"
  >
    <div
      class="c1"
      style="background-color: rgb(255, 255, 255); border-bottom: 1px solid rgba(219, 217, 224, 1);"
    >
      <span
        class="c2"
        style="color: rgb(113, 117, 138);"
      />
      <img
        alt="navbar modal partial close icon"
        class="c3"
        src="[object Object]"
      />
    </div>
    <div
      class="c4"
      style="background-color: rgb(249, 249, 249);"
    />
  </div>
</DocumentFragment>
`;
